// Jest Snapshot v1, https://goo.gl/fbAQLP

exports[`should render AddExpensePage correctly 1`] = `
<div>
  <h2>
    ADD EXPENSE PAGE
  </h2>
  <ExpenseForm
    functionButton="ADD EXPENSE"
    onFormSubmit={[Function]}
  />
</div>
`;
