// Jest Snapshot v1, https://goo.gl/fbAQLP

exports[`should render ExpenseList with empty message 1`] = `
<div>
  <h3>
    Expense List
  </h3>
  <h4>
    There is no a single one Expense
  </h4>
</div>
`;

exports[`should render ExpenseList with expenses 1`] = `
<div>
  <h3>
    Expense List
  </h3>
  <ExpenseListItem
    amount={195}
    count={1}
    createdAt={0}
    description="Gum"
    id="1"
    key="1"
    note=""
  />
  <ExpenseListItem
    amount={888888}
    count={2}
    createdAt={-259200000}
    description="Rent"
    id="2"
    key="2"
    note=""
  />
  <ExpenseListItem
    amount={2000}
    count={3}
    createdAt={259200000}
    description="Credit card"
    id="3"
    key="3"
    note=""
  />
</div>
`;
